183.240.111.153 - - [18/May/2022:17:05:29 +0800] "GET / HTTP/1.1" 200 405 "-" "Mozilla/5.0"
182.61.145.68 - - [18/May/2022:17:09:19 +0800] "GET / HTTP/1.1" 400 650 "-" "Mozilla/5.0 (Windows NT 10.0; Win64; x64)                            Chrome/52.0.2743.116 Safari/537.36 Edge/15.15063"
94.102.61.8 - - [18/May/2022:17:17:31 +0800] "GET / HTTP/1.1" 200 405 "-" "python-requests/2.26.0"
216.218.206.69 - - [18/May/2022:17:32:32 +0800] "GET / HTTP/1.1" 200 625 "-" "-"
178.79.150.110 - - [18/May/2022:17:47:34 +0800] "GET / HTTP/1.1" 200 405 "-" "Mozilla/5.0 (Windows NT 6.1; WOW64; rv:8.0) Gecko/20100101 Firefox/8.0"
183.240.111.153 - - [18/May/2022:17:54:49 +0800] "GET / HTTP/1.1" 200 405 "-" "Mozilla/5.0"
182.61.145.68 - - [18/May/2022:18:09:34 +0800] "GET / HTTP/1.1" 400 650 "-" "Mozilla/5.0 (Windows NT 10.0; Win64; x64)                            Chrome/52.0.2743.116 Safari/537.36 Edge/15.15063"
118.123.105.86 - - [18/May/2022:18:27:06 +0800] "GET / HTTP/1.0" 200 625 "-" "-"
118.123.105.86 - - [18/May/2022:18:27:06 +0800] "GET /favicon.ico HTTP/1.1" 404 178 "-" "Mozilla/5.0 (X11; Linux x86_64) AppleWebKit/537.36 (KHTML, like Gecko) Chrome/86.0.4 240.111 Safari/537.36"
118.123.105.86 - - [18/May/2022:18:27:06 +0800] "GET /robots.txt HTTP/1.1" 404 178 "-" "Mozilla/5.0 (X11; Linux x86_64) AppleWebKit/537.36 (KHTML, like Gecko) Chrome/86.0.4 240.111 Safari/537.36"
118.123.105.86 - - [18/May/2022:18:27:07 +0800] "GET /.well-known/security.txt HTTP/1.1" 404 178 "-" "Mozilla/5.0 (X11; Linux x86_64) AppleWebKit/537.36 (KHTML, like Gecko) Chrome/86.0.4 240.111 Safari/537.36"
185.180.143.7 - - [18/May/2022:18:28:14 +0800] "GET / HTTP/1.1" 200 405 "-" "Mozilla/5.0 (Windows NT 10.0; Win64; x64) AppleWebKit/537.36 (KHTML, like Gecko) Chrome/60.0.3112.113 Safari/537.36"
183.240.111.153 - - [18/May/2022:18:47:15 +0800] "GET / HTTP/1.1" 200 405 "-" "Mozilla/5.0"
182.61.145.68 - - [18/May/2022:19:09:49 +0800] "GET / HTTP/1.1" 400 650 "-" "Mozilla/5.0 (Windows NT 10.0; Win64; x64)                            Chrome/52.0.2743.116 Safari/537.36 Edge/15.15063"
182.61.145.68 - - [18/May/2022:20:10:06 +0800] "GET / HTTP/1.1" 400 650 "-" "Mozilla/5.0 (Windows NT 10.0; Win64; x64)                            Chrome/52.0.2743.116 Safari/537.36 Edge/15.15063"
182.61.145.68 - - [18/May/2022:21:10:21 +0800] "GET / HTTP/1.1" 400 650 "-" "Mozilla/5.0 (Windows NT 10.0; Win64; x64)                            Chrome/52.0.2743.116 Safari/537.36 Edge/15.15063"
183.240.111.153 - - [18/May/2022:21:52:50 +0800] "GET / HTTP/1.1" 200 405 "-" "Mozilla/5.0"
8.219.71.118 - - [18/May/2022:22:05:39 +0800] "GET http://passport.baidu.com/ HTTP/1.1" 400 248 "-" "-"
8.219.71.118 - - [18/May/2022:22:05:40 +0800] "\x05\x01\x00" 400 150 "-" "-"
8.219.71.118 - - [18/May/2022:22:05:42 +0800] "\x05\x01\x00" 400 150 "-" "-"
8.219.71.118 - - [18/May/2022:22:06:12 +0800] "\x04\x01\x00Pg)\xA7\xEA\x00" 400 150 "-" "-"
8.219.71.118 - - [18/May/2022:22:06:15 +0800] "GET http://passport.baidu.com/ HTTP/1.1" 400 248 "-" "-"
8.219.71.118 - - [18/May/2022:22:06:20 +0800] "\x04\x01\x00Pg)\xA7\xEA\x00" 400 150 "-" "-"
182.61.145.68 - - [18/May/2022:22:10:36 +0800] "GET / HTTP/1.1" 400 650 "-" "Mozilla/5.0 (Windows NT 10.0; Win64; x64)                            Chrome/52.0.2743.116 Safari/537.36 Edge/15.15063"
162.142.125.219 - - [18/May/2022:22:33:53 +0800] "GET / HTTP/1.1" 200 405 "-" "Mozilla/5.0 (compatible; CensysInspect/1.1; +https://about.censys.io/)"
162.142.125.219 - - [18/May/2022:22:33:56 +0800] "PRI * HTTP/2.0" 400 150 "-" "-"
182.61.145.68 - - [18/May/2022:23:10:51 +0800] "GET / HTTP/1.1" 400 650 "-" "Mozilla/5.0 (Windows NT 10.0; Win64; x64)                            Chrome/52.0.2743.116 Safari/537.36 Edge/15.15063"
183.240.111.153 - - [18/May/2022:23:17:49 +0800] "GET / HTTP/1.1" 200 405 "-" "Mozilla/5.0"
192.241.221.145 - - [18/May/2022:23:24:10 +0800] "GET /actuator/health HTTP/1.1" 404 146 "-" "Mozilla/5.0 zgrab/0.x"
172.105.189.111 - - [18/May/2022:23:56:02 +0800] "GET / HTTP/1.1" 200 405 "-" "Mozilla/5.0 (Windows NT 10.0; Win64; x64) AppleWebKit/537.36 (KHTML, like Gecko) Chrome/60.0.3112.113 Safari/537.36"
182.61.145.68 - - [18/May/2022:23:56:43 +0800] "GET / HTTP/1.1" 200 405 "https://182.61.145.68/" "WordPress/5.9.3; http://182.61.145.68"
183.240.111.153 - - [19/May/2022:00:09:59 +0800] "GET / HTTP/1.1" 200 405 "-" "Mozilla/5.0"
182.61.145.68 - - [19/May/2022:00:11:06 +0800] "GET / HTTP/1.1" 400 650 "-" "Mozilla/5.0 (Windows NT 10.0; Win64; x64)                            Chrome/52.0.2743.116 Safari/537.36 Edge/15.15063"
35.195.93.98 - - [19/May/2022:00:52:18 +0800] "GET / HTTP/1.1" 200 405 "-" "python-requests/2.27.1"
182.61.145.68 - - [19/May/2022:01:11:21 +0800] "GET / HTTP/1.1" 400 650 "-" "Mozilla/5.0 (Windows NT 10.0; Win64; x64)                            Chrome/52.0.2743.116 Safari/537.36 Edge/15.15063"
192.241.222.186 - - [19/May/2022:01:26:11 +0800] "GET / HTTP/1.1" 200 405 "-" "Mozilla/5.0 zgrab/0.x"
183.240.111.153 - - [19/May/2022:01:34:13 +0800] "GET / HTTP/1.1" 200 405 "-" "Mozilla/5.0"
182.61.145.68 - - [19/May/2022:02:11:35 +0800] "GET / HTTP/1.1" 400 650 "-" "Mozilla/5.0 (Windows NT 10.0; Win64; x64)                            Chrome/52.0.2743.116 Safari/537.36 Edge/15.15063"
162.221.192.26 - - [19/May/2022:02:12:12 +0800] "GET / HTTP/1.1" 200 405 "-" "Mozilla/5.0 (Windows NT 10.0; Win64; x64) AppleWebKit/537.36 (KHTML, like Gecko) Chrome/60.0.3112.113 Safari/537.36"
183.240.111.153 - - [19/May/2022:02:21:47 +0800] "GET / HTTP/1.1" 200 405 "-" "Mozilla/5.0"
104.131.101.181 - - [19/May/2022:03:08:07 +0800] "GET / HTTP/1.1" 200 405 "-" "Mozilla/5.0 (X11; Linux x86_64; rv:73.0) Gecko/20100101 Firefox/73.0"
104.131.101.181 - - [19/May/2022:03:08:07 +0800] "GET /favicon.ico HTTP/1.1" 404 146 "https://182.61.145.68/" "Mozilla/5.0 (X11; Linux x86_64; rv:73.0) Gecko/20100101 Firefox/73.0"
182.61.145.68 - - [19/May/2022:03:11:50 +0800] "GET / HTTP/1.1" 400 650 "-" "Mozilla/5.0 (Windows NT 10.0; Win64; x64)                            Chrome/52.0.2743.116 Safari/537.36 Edge/15.15063"
118.123.105.86 - - [19/May/2022:03:39:42 +0800] "GET / HTTP/1.0" 400 248 "-" "-"
118.123.105.86 - - [19/May/2022:03:39:42 +0800] "GET / HTTP/1.1" 200 405 "-" "Mozilla/5.0 (X11; Linux x86_64) AppleWebKit/537.36 (KHTML, like Gecko) Chrome/86.0.4 240.111 Safari/537.36"
118.123.105.86 - - [19/May/2022:03:39:44 +0800] "GET /favicon.ico HTTP/1.1" 400 650 "-" "Mozilla/5.0 (X11; Linux x86_64) AppleWebKit/537.36 (KHTML, like Gecko) Chrome/86.0.4 240.111 Safari/537.36"
118.123.105.86 - - [19/May/2022:03:39:44 +0800] "GET /robots.txt HTTP/1.1" 400 650 "-" "Mozilla/5.0 (X11; Linux x86_64) AppleWebKit/537.36 (KHTML, like Gecko) Chrome/86.0.4 240.111 Safari/537.36"
118.123.105.86 - - [19/May/2022:03:39:44 +0800] "GET /.well-known/security.txt HTTP/1.1" 400 650 "-" "Mozilla/5.0 (X11; Linux x86_64) AppleWebKit/537.36 (KHTML, like Gecko) Chrome/86.0.4 240.111 Safari/537.36"
182.61.145.68 - - [19/May/2022:04:12:04 +0800] "GET / HTTP/1.1" 400 650 "-" "Mozilla/5.0 (Windows NT 10.0; Win64; x64)                            Chrome/52.0.2743.116 Safari/537.36 Edge/15.15063"
183.240.111.153 - - [19/May/2022:04:34:20 +0800] "GET / HTTP/1.1" 200 405 "-" "Mozilla/5.0"
192.241.205.209 - - [19/May/2022:04:39:52 +0800] "GET / HTTP/1.1" 400 248 "-" "Mozilla/5.0 zgrab/0.x"
183.240.111.153 - - [19/May/2022:04:43:50 +0800] "GET / HTTP/1.1" 200 405 "-" "Mozilla/5.0"
182.61.145.68 - - [19/May/2022:05:12:19 +0800] "GET / HTTP/1.1" 400 650 "-" "Mozilla/5.0 (Windows NT 10.0; Win64; x64)                            Chrome/52.0.2743.116 Safari/537.36 Edge/15.15063"
162.221.192.26 - - [19/May/2022:05:15:48 +0800] "GET / HTTP/1.1" 200 405 "-" "Mozilla/5.0 (Windows NT 10.0; Win64; x64) AppleWebKit/537.36 (KHTML, like Gecko) Chrome/60.0.3112.113 Safari/537.36"
8.142.110.216 - - [19/May/2022:05:17:02 +0800] "GET / HTTP/1.0" 200 625 "-" "-"
8.142.110.216 - - [19/May/2022:05:17:08 +0800] "GET / HTTP/1.1" 200 405 "-" "Mozilla/5.0 (Macintosh; Intel Mac OS X 10_14_6) AppleWebKit/537.36 (KHTML, like Gecko) Chrome/76.0.3809.132 Safari/537.36"
8.142.110.216 - - [19/May/2022:05:17:18 +0800] "GET /robots.txt HTTP/1.1" 404 146 "-" "fasthttp"
8.142.110.216 - - [19/May/2022:05:17:18 +0800] "GET /sitemap.xml HTTP/1.1" 404 146 "-" "fasthttp"
192.241.221.20 - - [19/May/2022:05:53:21 +0800] "GET /ecp/Current/exporttool/microsoft.exchange.ediscovery.exporttool.application HTTP/1.1" 404 146 "-" "Mozilla/5.0 zgrab/0.x"
192.241.221.233 - - [19/May/2022:05:54:48 +0800] "GET /owa/auth/x.js HTTP/1.1" 404 146 "-" "Mozilla/5.0 zgrab/0.x"
192.241.221.20 - - [19/May/2022:05:56:33 +0800] "GET /owa/auth/logon.aspx HTTP/1.1" 404 146 "-" "Mozilla/5.0 zgrab/0.x"
182.61.145.68 - - [19/May/2022:06:12:33 +0800] "GET / HTTP/1.1" 400 650 "-" "Mozilla/5.0 (Windows NT 10.0; Win64; x64)                            Chrome/52.0.2743.116 Safari/537.36 Edge/15.15063"
89.248.165.102 - - [19/May/2022:06:25:42 +0800] "\x03\x00\x00\x13\x0E\xE0\x00\x00\x00\x00\x00\x01\x00\x08\x00\x02\x00\x00\x00" 400 150 "-" "-"
192.241.215.241 - - [19/May/2022:06:35:07 +0800] "MGLNDD_182.61.145.68_443" 400 150 "-" "-"
183.240.111.153 - - [19/May/2022:06:54:38 +0800] "GET / HTTP/1.1" 200 405 "-" "Mozilla/5.0"
194.165.16.10 - - [19/May/2022:07:11:17 +0800] "\x03\x00\x00,'\xE0\x00\x00\x00\x00\x00Cookie: mstshash=Domain" 400 150 "-" "-"
194.165.16.10 - - [19/May/2022:07:11:17 +0800] "\x03\x00\x00,'\xE0\x00\x00\x00\x00\x00Cookie: mstshash=Domain" 400 150 "-" "-"
182.61.145.68 - - [19/May/2022:07:12:48 +0800] "GET / HTTP/1.1" 400 650 "-" "Mozilla/5.0 (Windows NT 10.0; Win64; x64)                            Chrome/52.0.2743.116 Safari/537.36 Edge/15.15063"
183.240.111.153 - - [19/May/2022:07:16:09 +0800] "GET / HTTP/1.1" 200 405 "-" "Mozilla/5.0"
8.219.71.118 - - [19/May/2022:07:32:39 +0800] "GET http://passport.baidu.com/ HTTP/1.1" 400 248 "-" "-"
8.219.71.118 - - [19/May/2022:07:32:56 +0800] "\x04\x01\x00Pg)\xA7\xEA\x00" 400 150 "-" "-"
8.219.71.118 - - [19/May/2022:07:32:57 +0800] "\x05\x01\x00" 400 150 "-" "-"
175.152.28.213 - - [19/May/2022:07:33:11 +0800] "\x05\x03\x00\x01\x02" 400 150 "-" "-"
183.240.111.153 - - [19/May/2022:07:43:47 +0800] "GET / HTTP/1.1" 200 405 "-" "Mozilla/5.0"
182.61.145.68 - - [19/May/2022:08:13:02 +0800] "GET / HTTP/1.1" 400 650 "-" "Mozilla/5.0 (Windows NT 10.0; Win64; x64)                            Chrome/52.0.2743.116 Safari/537.36 Edge/15.15063"
183.240.111.153 - - [19/May/2022:08:39:16 +0800] "GET / HTTP/1.1" 200 405 "-" "Mozilla/5.0"
182.61.145.68 - - [19/May/2022:09:13:17 +0800] "GET / HTTP/1.1" 400 650 "-" "Mozilla/5.0 (Windows NT 10.0; Win64; x64)                            Chrome/52.0.2743.116 Safari/537.36 Edge/15.15063"
8.219.71.118 - - [19/May/2022:09:31:29 +0800] "\x05\x01\x00" 400 150 "-" "-"
8.219.71.118 - - [19/May/2022:09:31:55 +0800] "\x04\x01\x00Pg)\xA7\xEA\x00" 400 150 "-" "-"
8.219.71.118 - - [19/May/2022:09:32:03 +0800] "GET http://passport.baidu.com/ HTTP/1.1" 400 248 "-" "-"
192.241.213.251 - - [19/May/2022:09:37:25 +0800] "GET /owa/auth/logon.aspx?url=https%3a%2f%2f1%2fecp%2f HTTP/1.1" 404 146 "-" "Mozilla/5.0 zgrab/0.x"
162.221.192.26 - - [19/May/2022:09:43:04 +0800] "GET / HTTP/1.1" 200 405 "-" "Mozilla/5.0 (Windows NT 10.0; Win64; x64) AppleWebKit/537.36 (KHTML, like Gecko) Chrome/60.0.3112.113 Safari/537.36"
183.240.111.153 - - [19/May/2022:10:04:29 +0800] "GET / HTTP/1.1" 200 405 "-" "Mozilla/5.0"
182.61.145.68 - - [19/May/2022:10:13:32 +0800] "GET / HTTP/1.1" 400 650 "-" "Mozilla/5.0 (Windows NT 10.0; Win64; x64)                            Chrome/52.0.2743.116 Safari/537.36 Edge/15.15063"
183.240.111.153 - - [19/May/2022:10:50:45 +0800] "GET / HTTP/1.1" 200 405 "-" "Mozilla/5.0"
182.61.145.68 - - [19/May/2022:11:13:46 +0800] "GET / HTTP/1.1" 400 650 "-" "Mozilla/5.0 (Windows NT 10.0; Win64; x64)                            Chrome/52.0.2743.116 Safari/537.36 Edge/15.15063"
182.61.145.68 - - [19/May/2022:11:38:20 +0800] "GET / HTTP/1.1" 200 405 "https://182.61.145.68/" "WordPress/5.9.3; http://182.61.145.68"
183.240.111.153 - - [19/May/2022:11:39:20 +0800] "GET / HTTP/1.1" 200 405 "-" "Mozilla/5.0"
103.203.57.10 - - [19/May/2022:11:56:23 +0800] "GET / HTTP/1.1" 200 405 "-" "Mozilla/5.0 (Windows NT 10.0; WOW64) AppleWebKit/537.36 (KHTML, like Gecko) Chrome/45.0.2454.101 Safari/537.36"
182.61.145.68 - - [19/May/2022:12:14:00 +0800] "GET / HTTP/1.1" 400 650 "-" "Mozilla/5.0 (Windows NT 10.0; Win64; x64)                            Chrome/52.0.2743.116 Safari/537.36 Edge/15.15063"
183.240.111.153 - - [19/May/2022:12:25:05 +0800] "GET / HTTP/1.1" 200 405 "-" "Mozilla/5.0"
36.150.60.24 - - [19/May/2022:12:37:10 +0800] "GET / HTTP/1.1" 200 405 "-" "Dalvik/2.1.0 (Linux; U; Android 9.0; ZTE BA520 Build/MRA58K)"
36.150.60.24 - - [19/May/2022:12:38:17 +0800] "GET / HTTP/1.1" 200 405 "-" "Mozilla/5.0 (Macintosh; Intel Mac OS X 10_11) AppleWebKit/601.1.27 (KHTML, like Gecko) Chrome/47.0.2526.106 Safari/601.1.27"
36.150.60.24 - - [19/May/2022:12:39:49 +0800] "GET / HTTP/1.1" 200 405 "-" "Mozilla/5.0 (Linux; Android 8.1; CLT-AL00 Build/HUAWEICLT-AL00; wv) AppleWebKit/537.36 (KHTML, like Gecko) Version/4.0 Chrome/48.0.2564.116 Mobile Safari/537.36 T7/10.10 baiduboxapp/10.10.0.12 (Baidu; P1 8.1.0)"
36.150.60.24 - - [19/May/2022:12:40:06 +0800] "GET /favicon.ico HTTP/1.1" 404 146 "-" "Dalvik/2.1.0 (Linux; U; Android 9.0; ZTE BA520 Build/MRA58K)"
182.61.145.68 - - [19/May/2022:13:14:14 +0800] "GET / HTTP/1.1" 400 650 "-" "Mozilla/5.0 (Windows NT 10.0; Win64; x64)                            Chrome/52.0.2743.116 Safari/537.36 Edge/15.15063"
183.240.111.153 - - [19/May/2022:13:15:16 +0800] "GET / HTTP/1.1" 200 405 "-" "Mozilla/5.0"
183.240.111.153 - - [19/May/2022:13:53:30 +0800] "GET / HTTP/1.1" 200 405 "-" "Mozilla/5.0"
182.61.145.68 - - [19/May/2022:14:14:28 +0800] "GET / HTTP/1.1" 400 650 "-" "Mozilla/5.0 (Windows NT 10.0; Win64; x64)                            Chrome/52.0.2743.116 Safari/537.36 Edge/15.15063"
178.79.169.64 - - [19/May/2022:14:21:54 +0800] "GET / HTTP/1.1" 200 405 "-" "Mozilla/5.0 (Windows NT 6.1; WOW64; rv:8.0) Gecko/20100101 Firefox/8.0"
167.248.133.47 - - [19/May/2022:14:39:19 +0800] "GET / HTTP/1.1" 200 625 "-" "-"
167.248.133.47 - - [19/May/2022:14:39:20 +0800] "GET / HTTP/1.1" 200 405 "-" "Mozilla/5.0 (compatible; CensysInspect/1.1; +https://about.censys.io/)"
167.248.133.47 - - [19/May/2022:14:39:21 +0800] "PRI * HTTP/2.0" 400 150 "-" "-"
174.138.61.44 - - [19/May/2022:14:41:22 +0800] "GET / HTTP/1.1" 400 650 "-" "Mozilla/5.0 (Linux; Android 8.0.0;) AppleWebKit/537.36 (KHTML, like Gecko) Chrome/78.0.3904.108 Mobile Safari/537.36"
174.138.61.44 - - [19/May/2022:14:41:23 +0800] "GET / HTTP/1.1" 200 405 "-" "Mozilla/5.0 (Linux; Android 8.0.0;) AppleWebKit/537.36 (KHTML, like Gecko) Chrome/78.0.3904.108 Mobile Safari/537.36"
174.138.61.44 - - [19/May/2022:14:41:24 +0800] "\x00\x00\x00\x00\x00\x00\x00\x00\x00\x00\x00\x00\x00\x00" 400 150 "-" "-"
185.100.87.160 - - [19/May/2022:14:53:38 +0800] "\x85\xFFS0y\x0C\xD7}\xBB\xC8\xBC\xB3\xB7\xA6\xF8\x8Fv\xC3\xE1Jy\xCF\x80\xC6\x00\x00\x00\x00\x1F\xBA*\x8E" 400 150 "-" "-"
182.61.145.68 - - [19/May/2022:15:14:42 +0800] "GET / HTTP/1.1" 400 650 "-" "Mozilla/5.0 (Windows NT 10.0; Win64; x64)                            Chrome/52.0.2743.116 Safari/537.36 Edge/15.15063"
183.240.111.153 - - [19/May/2022:15:23:36 +0800] "GET / HTTP/1.1" 200 405 "-" "Mozilla/5.0"
193.106.191.48 - - [19/May/2022:15:41:24 +0800] "POST /vendor/phpunit/phpunit/src/Util/PHP/eval-stdin.php HTTP/1.1" 404 178 "-" "Mozilla/5.0 (Windows NT 10.0; Win64; x64) AppleWebKit/537.36 (KHTML, like Gecko) Chrome/78.0.3904.108 Safari/537.36"
183.240.111.153 - - [19/May/2022:16:10:51 +0800] "GET / HTTP/1.1" 200 405 "-" "Mozilla/5.0"
182.61.145.68 - - [19/May/2022:16:14:56 +0800] "GET / HTTP/1.1" 400 650 "-" "Mozilla/5.0 (Windows NT 10.0; Win64; x64)                            Chrome/52.0.2743.116 Safari/537.36 Edge/15.15063"
106.75.212.164 - - [19/May/2022:16:15:02 +0800] "\x00\x9C\x00\x01\x1A+<M\x00\x01\x00\x00\x01\x00\x00\x00\x00\x00\x00\x03\x00\x00\x00\x03\xFF\xFF\x00\x01local\x00\x00\x00\x00\x00\x00\x00\x00\x00\x00\x00\x00\x00\x00\x00\x00\x00\x00\x00\x00\x00\x00\x00\x00\x00\x00\x00\x00\x00\x00\x00\x00\x00\x00\x00\x00\x00\x00\x00\x00\x00\x00\x00\x00\x00\x00\x00\x00\x00\x00\x00\x00\x00\x00\x00\x00\x00\x00\x00cananian\x00\x00\x00\x00\x00\x00\x00\x00\x00\x00\x00\x00\x00\x00\x00\x00\x00\x00\x00\x00\x00\x00\x00\x00\x00\x00\x00\x00\x00\x00\x00\x00\x00\x00\x00\x00\x00\x00\x00\x00\x00\x00\x00\x00\x00\x00\x00\x00\x00\x00\x00\x00\x00\x00\x00\x00" 400 150 "-" "-"
106.75.212.164 - - [19/May/2022:16:15:02 +0800] "SSTP_DUPLEX_POST /sra_{BA195980-CD49-458b-9E23-C84EE0ADCD75}/ HTTP/1.1" 400 150 "-" "-"
193.106.191.48 - - [19/May/2022:16:25:57 +0800] "GET /vendor/phpunit/phpunit/src/Util/PHP/eval-stdin.php HTTP/1.1" 404 178 "-" "Mozilla/5.0 (Windows NT 10.0; Win64; x64) AppleWebKit/537.36 (KHTML, like Gecko) Chrome/78.0.3904.108 Safari/537.36"
111.7.96.147 - - [19/May/2022:16:53:02 +0800] "GET / HTTP/1.1" 200 625 "-" "curl/7.64.1"
123.160.221.21 - - [19/May/2022:16:53:05 +0800] "GET / HTTP/1.1" 200 625 "-" "curl/7.64.1"
211.95.50.4 - - [19/May/2022:17:02:01 +0800] "GET / HTTP/1.1" 200 405 "-" "Mozilla/5.0 (Macintosh; Intel Mac OS X 10_15_7) AppleWebKit/537.36 (KHTML, like Gecko) Chrome/96.0.4664.110 Safari/537.36"
211.95.50.4 - - [19/May/2022:17:02:01 +0800] "GET /favicon.ico HTTP/1.1" 404 178 "-" "Mozilla/5.0 (Macintosh; Intel Mac OS X 10_15_7) AppleWebKit/537.36 (KHTML, like Gecko) Chrome/96.0.4664.110 Safari/537.36"
211.95.50.8 - - [19/May/2022:17:02:10 +0800] "GET / HTTP/1.1" 200 405 "-" "Mozilla/5.0 (Macintosh; Intel Mac OS X 10_15_7) AppleWebKit/537.36 (KHTML, like Gecko) Chrome/96.0.4664.110 Safari/537.36"
211.95.50.8 - - [19/May/2022:17:02:10 +0800] "GET /favicon.ico HTTP/1.1" 404 178 "-" "Mozilla/5.0 (Macintosh; Intel Mac OS X 10_15_7) AppleWebKit/537.36 (KHTML, like Gecko) Chrome/96.0.4664.110 Safari/537.36"
183.240.111.153 - - [19/May/2022:17:04:25 +0800] "GET / HTTP/1.1" 200 405 "-" "Mozilla/5.0"
182.61.145.68 - - [19/May/2022:17:15:12 +0800] "GET / HTTP/1.1" 400 650 "-" "Mozilla/5.0 (Windows NT 10.0; Win64; x64)                            Chrome/52.0.2743.116 Safari/537.36 Edge/15.15063"
167.94.138.60 - - [19/May/2022:17:22:54 +0800] "GET / HTTP/1.1" 400 248 "-" "-"
167.94.138.60 - - [19/May/2022:17:22:55 +0800] "GET / HTTP/1.1" 400 248 "-" "Mozilla/5.0 (compatible; CensysInspect/1.1; +https://about.censys.io/)"
167.94.138.60 - - [19/May/2022:17:22:56 +0800] "PRI * HTTP/2.0" 400 150 "-" "-"
183.240.111.153 - - [19/May/2022:17:46:55 +0800] "GET / HTTP/1.1" 200 405 "-" "Mozilla/5.0"
183.240.111.153 - - [19/May/2022:17:53:46 +0800] "GET / HTTP/1.1" 200 405 "-" "Mozilla/5.0"
193.106.191.48 - - [19/May/2022:17:59:18 +0800] "GET /index.php?s=/Index/\x5Cthink\x5Capp/invokefunction&function=call_user_func_array&vars[0]=md5&vars[1][]=HelloThinkPHP21 HTTP/1.1" 404 178 "-" "Mozilla/5.0 (Windows NT 10.0; Win64; x64) AppleWebKit/537.36 (KHTML, like Gecko) Chrome/78.0.3904.108 Safari/537.36"
182.61.145.68 - - [19/May/2022:18:15:26 +0800] "GET / HTTP/1.1" 400 650 "-" "Mozilla/5.0 (Windows NT 10.0; Win64; x64)                            Chrome/52.0.2743.116 Safari/537.36 Edge/15.15063"
183.240.111.153 - - [19/May/2022:18:40:20 +0800] "GET / HTTP/1.1" 200 405 "-" "Mozilla/5.0"
193.106.191.48 - - [19/May/2022:18:48:53 +0800] "GET /?XDEBUG_SESSION_START=phpstorm HTTP/1.1" 200 405 "-" "Mozilla/5.0 (Windows NT 10.0; Win64; x64) AppleWebKit/537.36 (KHTML, like Gecko) Chrome/78.0.3904.108 Safari/537.36"
193.118.53.194 - - [19/May/2022:19:06:28 +0800] "GET / HTTP/1.1" 200 405 "-" "Mozilla/5.0 (Windows NT 10.0; Win64; x64) AppleWebKit/537.36 (KHTML, like Gecko) Chrome/60.0.3112.113 Safari/537.36"
182.61.145.68 - - [19/May/2022:19:15:40 +0800] "GET / HTTP/1.1" 400 650 "-" "Mozilla/5.0 (Windows NT 10.0; Win64; x64)                            Chrome/52.0.2743.116 Safari/537.36 Edge/15.15063"
183.240.111.153 - - [19/May/2022:19:17:52 +0800] "GET / HTTP/1.1" 200 405 "-" "Mozilla/5.0"
193.106.191.48 - - [19/May/2022:19:54:30 +0800] "POST /mifs/.;/services/LogService HTTP/1.1" 404 178 "https://182.61.145.68:443" "Mozilla/5.0 (Windows NT 10.0; Win64; x64) AppleWebKit/537.36 (KHTML, like Gecko) Chrome/78.0.3904.108 Safari/537.36"
182.61.145.68 - - [19/May/2022:20:15:55 +0800] "GET / HTTP/1.1" 400 650 "-" "Mozilla/5.0 (Windows NT 10.0; Win64; x64)                            Chrome/52.0.2743.116 Safari/537.36 Edge/15.15063"
193.106.191.48 - - [19/May/2022:20:44:14 +0800] "GET /console/ HTTP/1.1" 404 178 "-" "Mozilla/5.0 (Windows NT 10.0; Win64; x64) AppleWebKit/537.36 (KHTML, like Gecko) Chrome/78.0.3904.108 Safari/537.36"
64.62.197.32 - - [19/May/2022:20:53:26 +0800] "GET / HTTP/1.1" 200 625 "-" "-"
182.61.145.68 - - [19/May/2022:21:16:09 +0800] "GET / HTTP/1.1" 400 650 "-" "Mozilla/5.0 (Windows NT 10.0; Win64; x64)                            Chrome/52.0.2743.116 Safari/537.36 Edge/15.15063"
128.14.209.162 - - [19/May/2022:21:34:19 +0800] "GET / HTTP/1.1" 200 405 "-" "Mozilla/5.0 (Windows NT 10.0; Win64; x64) AppleWebKit/537.36 (KHTML, like Gecko) Chrome/60.0.3112.113 Safari/537.36"
183.240.111.153 - - [19/May/2022:21:43:49 +0800] "GET / HTTP/1.1" 200 405 "-" "Mozilla/5.0"
193.106.191.48 - - [19/May/2022:21:54:05 +0800] "POST /Autodiscover/Autodiscover.xml HTTP/1.1" 404 178 "-" "Mozilla/5.0 (Windows NT 10.0; Win64; x64) AppleWebKit/537.36 (KHTML, like Gecko) Chrome/78.0.3904.108 Safari/537.36"
182.61.145.68 - - [19/May/2022:22:16:24 +0800] "GET / HTTP/1.1" 400 650 "-" "Mozilla/5.0 (Windows NT 10.0; Win64; x64)                            Chrome/52.0.2743.116 Safari/537.36 Edge/15.15063"
193.106.191.48 - - [19/May/2022:22:27:37 +0800] "GET /_ignition/execute-solution HTTP/1.1" 404 178 "-" "Mozilla/5.0 (Windows NT 10.0; Win64; x64) AppleWebKit/537.36 (KHTML, like Gecko) Chrome/78.0.3904.108 Safari/537.36"
183.240.111.153 - - [19/May/2022:22:30:58 +0800] "GET / HTTP/1.1" 200 405 "-" "Mozilla/5.0"
193.118.53.210 - - [19/May/2022:22:39:49 +0800] "GET / HTTP/1.1" 200 405 "-" "Mozilla/5.0 (Windows NT 10.0; Win64; x64) AppleWebKit/537.36 (KHTML, like Gecko) Chrome/60.0.3112.113 Safari/537.36"
193.106.29.74 - - [19/May/2022:22:55:50 +0800] "\x03\x00\x00/*\xE0\x00\x00\x00\x00\x00Cookie: mstshash=Administr" 400 150 "-" "-"
183.240.111.153 - - [19/May/2022:23:08:32 +0800] "GET / HTTP/1.1" 200 405 "-" "Mozilla/5.0"
172.105.189.111 - - [19/May/2022:23:14:43 +0800] "GET / HTTP/1.1" 200 405 "-" "Mozilla/5.0 (Windows NT 10.0; Win64; x64) AppleWebKit/537.36 (KHTML, like Gecko) Chrome/60.0.3112.113 Safari/537.36"
182.61.145.68 - - [19/May/2022:23:16:39 +0800] "GET / HTTP/1.1" 400 650 "-" "Mozilla/5.0 (Windows NT 10.0; Win64; x64)                            Chrome/52.0.2743.116 Safari/537.36 Edge/15.15063"
193.106.191.48 - - [19/May/2022:23:18:39 +0800] "GET / HTTP/1.1" 200 405 "-" "Mozilla/5.0 (Windows NT 10.0; Win64; x64) AppleWebKit/537.36 (KHTML, like Gecko) Chrome/78.0.3904.108 Safari/537.36"
182.61.145.68 - - [19/May/2022:23:55:03 +0800] "GET / HTTP/1.1" 200 405 "https://182.61.145.68/" "WordPress/5.9.3; http://182.61.145.68"
193.106.191.48 - - [20/May/2022:00:13:20 +0800] "GET / HTTP/1.1" 200 405 "-" "Mozilla/5.0 (Windows NT 10.0; Win64; x64) AppleWebKit/537.36 (KHTML, like Gecko) Chrome/78.0.3904.108 Safari/537.36"
182.61.145.68 - - [20/May/2022:00:16:54 +0800] "GET / HTTP/1.1" 400 650 "-" "Mozilla/5.0 (Windows NT 10.0; Win64; x64)                            Chrome/52.0.2743.116 Safari/537.36 Edge/15.15063"
35.233.62.116 - - [20/May/2022:00:37:23 +0800] "GET / HTTP/1.1" 200 405 "-" "python-requests/2.27.1"
183.240.111.153 - - [20/May/2022:00:38:04 +0800] "GET / HTTP/1.1" 200 405 "-" "Mozilla/5.0"
183.240.111.153 - - [20/May/2022:00:57:27 +0800] "GET / HTTP/1.1" 200 405 "-" "Mozilla/5.0"
182.61.145.68 - - [20/May/2022:01:17:08 +0800] "GET / HTTP/1.1" 400 650 "-" "Mozilla/5.0 (Windows NT 10.0; Win64; x64)                            Chrome/52.0.2743.116 Safari/537.36 Edge/15.15063"
183.240.111.153 - - [20/May/2022:01:34:10 +0800] "GET / HTTP/1.1" 200 405 "-" "Mozilla/5.0"
154.198.211.134 - - [20/May/2022:01:44:31 +0800] "GET / HTTP/1.1" 200 625 "-" "-"
154.198.211.134 - - [20/May/2022:01:44:53 +0800] "GET /favicon.ico HTTP/1.1" 404 146 "-" "Go-http-client/1.1"
154.198.211.134 - - [20/May/2022:01:44:56 +0800] "GET /robots.txt HTTP/1.1" 404 146 "-" "Go-http-client/1.1"
154.198.211.134 - - [20/May/2022:01:45:01 +0800] "GET /sitemap.xml HTTP/1.1" 404 146 "-" "Go-http-client/1.1"
182.61.145.68 - - [20/May/2022:02:17:23 +0800] "GET / HTTP/1.1" 400 650 "-" "Mozilla/5.0 (Windows NT 10.0; Win64; x64)                            Chrome/52.0.2743.116 Safari/537.36 Edge/15.15063"
183.240.111.153 - - [20/May/2022:02:20:17 +0800] "GET / HTTP/1.1" 200 405 "-" "Mozilla/5.0"
183.240.111.153 - - [20/May/2022:02:56:28 +0800] "GET / HTTP/1.1" 200 405 "-" "Mozilla/5.0"
185.180.143.137 - - [20/May/2022:03:02:07 +0800] "GET / HTTP/1.1" 200 405 "-" "Mozilla/5.0 (Windows NT 10.0; Win64; x64) AppleWebKit/537.36 (KHTML, like Gecko) Chrome/60.0.3112.113 Safari/537.36"
182.61.145.68 - - [20/May/2022:03:17:37 +0800] "GET / HTTP/1.1" 400 650 "-" "Mozilla/5.0 (Windows NT 10.0; Win64; x64)                            Chrome/52.0.2743.116 Safari/537.36 Edge/15.15063"
176.58.124.134 - - [20/May/2022:03:33:09 +0800] "\x10\x99\x11\x00\x08\x00\x00\x00" 400 150 "-" "-"
183.240.111.153 - - [20/May/2022:03:42:23 +0800] "GET / HTTP/1.1" 200 405 "-" "Mozilla/5.0"
182.61.145.68 - - [20/May/2022:04:17:53 +0800] "GET / HTTP/1.1" 400 650 "-" "Mozilla/5.0 (Windows NT 10.0; Win64; x64)                            Chrome/52.0.2743.116 Safari/537.36 Edge/15.15063"
183.240.111.153 - - [20/May/2022:04:32:26 +0800] "GET / HTTP/1.1" 200 405 "-" "Mozilla/5.0"
182.61.145.68 - - [20/May/2022:05:18:08 +0800] "GET / HTTP/1.1" 400 650 "-" "Mozilla/5.0 (Windows NT 10.0; Win64; x64)                            Chrome/52.0.2743.116 Safari/537.36 Edge/15.15063"
192.241.221.172 - - [20/May/2022:05:44:25 +0800] "GET /ecp/Current/exporttool/microsoft.exchange.ediscovery.exporttool.application HTTP/1.1" 404 146 "-" "Mozilla/5.0 zgrab/0.x"
192.241.219.213 - - [20/May/2022:05:45:49 +0800] "GET /owa/auth/x.js HTTP/1.1" 404 146 "-" "Mozilla/5.0 zgrab/0.x"
192.241.219.237 - - [20/May/2022:05:48:13 +0800] "GET /owa/auth/logon.aspx HTTP/1.1" 404 146 "-" "Mozilla/5.0 zgrab/0.x"
183.240.111.153 - - [20/May/2022:06:01:50 +0800] "GET / HTTP/1.1" 200 405 "-" "Mozilla/5.0"
182.61.145.68 - - [20/May/2022:06:18:22 +0800] "GET / HTTP/1.1" 400 650 "-" "Mozilla/5.0 (Windows NT 10.0; Win64; x64)                            Chrome/52.0.2743.116 Safari/537.36 Edge/15.15063"
192.241.215.36 - - [20/May/2022:06:47:43 +0800] "GET /actuator/health HTTP/1.1" 404 146 "-" "Mozilla/5.0 zgrab/0.x"
183.240.111.153 - - [20/May/2022:06:49:09 +0800] "GET / HTTP/1.1" 200 405 "-" "Mozilla/5.0"
23.251.102.74 - - [20/May/2022:07:14:25 +0800] "GET / HTTP/1.1" 200 405 "-" "Mozilla/5.0 (Windows NT 10.0; Win64; x64) AppleWebKit/537.36 (KHTML, like Gecko) Chrome/60.0.3112.113 Safari/537.36"
183.240.111.153 - - [20/May/2022:07:15:24 +0800] "GET / HTTP/1.1" 200 405 "-" "Mozilla/5.0"
182.61.145.68 - - [20/May/2022:07:18:37 +0800] "GET / HTTP/1.1" 400 650 "-" "Mozilla/5.0 (Windows NT 10.0; Win64; x64)                            Chrome/52.0.2743.116 Safari/537.36 Edge/15.15063"
194.165.16.37 - - [20/May/2022:07:22:33 +0800] "\x03\x00\x00,'\xE0\x00\x00\x00\x00\x00Cookie: mstshash=Domain" 400 150 "-" "-"
194.165.16.37 - - [20/May/2022:07:22:34 +0800] "\x03\x00\x00,'\xE0\x00\x00\x00\x00\x00Cookie: mstshash=Domain" 400 150 "-" "-"
183.240.111.153 - - [20/May/2022:07:34:08 +0800] "GET / HTTP/1.1" 200 405 "-" "Mozilla/5.0"
209.97.150.246 - - [20/May/2022:07:52:02 +0800] "GET / HTTP/1.1" 200 405 "-" "Mozilla/5.0 (X11; Linux x86_64; rv:73.0) Gecko/20100101 Firefox/73.0"
209.97.150.246 - - [20/May/2022:07:52:03 +0800] "GET /favicon.ico HTTP/1.1" 404 146 "https://182.61.145.68/" "Mozilla/5.0 (X11; Linux x86_64; rv:73.0) Gecko/20100101 Firefox/73.0"
182.61.145.68 - - [20/May/2022:08:18:51 +0800] "GET / HTTP/1.1" 400 650 "-" "Mozilla/5.0 (Windows NT 10.0; Win64; x64)                            Chrome/52.0.2743.116 Safari/537.36 Edge/15.15063"
183.240.111.153 - - [20/May/2022:08:27:10 +0800] "GET / HTTP/1.1" 200 405 "-" "Mozilla/5.0"
183.240.111.153 - - [20/May/2022:09:17:25 +0800] "GET / HTTP/1.1" 200 405 "-" "Mozilla/5.0"
182.61.145.68 - - [20/May/2022:09:19:06 +0800] "GET / HTTP/1.1" 400 650 "-" "Mozilla/5.0 (Windows NT 10.0; Win64; x64)                            Chrome/52.0.2743.116 Safari/537.36 Edge/15.15063"
192.241.196.112 - - [20/May/2022:09:38:07 +0800] "GET /owa/auth/logon.aspx?url=https%3a%2f%2f1%2fecp%2f HTTP/1.1" 404 146 "-" "Mozilla/5.0 zgrab/0.x"
183.240.111.153 - - [20/May/2022:09:56:28 +0800] "GET / HTTP/1.1" 200 405 "-" "Mozilla/5.0"
128.14.133.58 - - [20/May/2022:10:02:53 +0800] "GET / HTTP/1.1" 200 405 "-" "Mozilla/5.0 (Windows NT 10.0; Win64; x64) AppleWebKit/537.36 (KHTML, like Gecko) Chrome/60.0.3112.113 Safari/537.36"
192.241.221.41 - - [20/May/2022:10:07:11 +0800] "GET / HTTP/1.1" 200 405 "-" "Mozilla/5.0 zgrab/0.x"
182.61.145.68 - - [20/May/2022:10:19:21 +0800] "GET / HTTP/1.1" 400 650 "-" "Mozilla/5.0 (Windows NT 10.0; Win64; x64)                            Chrome/52.0.2743.116 Safari/537.36 Edge/15.15063"
183.240.111.153 - - [20/May/2022:10:42:18 +0800] "GET / HTTP/1.1" 200 405 "-" "Mozilla/5.0"
182.61.145.68 - - [20/May/2022:11:19:37 +0800] "GET / HTTP/1.1" 400 650 "-" "Mozilla/5.0 (Windows NT 10.0; Win64; x64)                            Chrome/52.0.2743.116 Safari/537.36 Edge/15.15063"
182.61.145.68 - - [20/May/2022:11:44:59 +0800] "GET / HTTP/1.1" 200 405 "https://182.61.145.68/" "WordPress/5.9.3; http://182.61.145.68"
216.218.206.69 - - [20/May/2022:11:52:08 +0800] "GET / HTTP/1.1" 200 625 "-" "-"
193.106.191.48 - - [20/May/2022:11:54:19 +0800] "GET / HTTP/1.1" 200 405 "-" "Mozilla/5.0 (Windows NT 10.0; Win64; x64) AppleWebKit/537.36 (KHTML, like Gecko) Chrome/78.0.3904.108 Safari/537.36"
182.61.145.68 - - [20/May/2022:12:19:52 +0800] "GET / HTTP/1.1" 400 650 "-" "Mozilla/5.0 (Windows NT 10.0; Win64; x64)                            Chrome/52.0.2743.116 Safari/537.36 Edge/15.15063"
128.14.134.134 - - [20/May/2022:12:20:00 +0800] "GET / HTTP/1.1" 200 405 "-" "Mozilla/5.0 (Windows NT 10.0; Win64; x64) AppleWebKit/537.36 (KHTML, like Gecko) Chrome/60.0.3112.113 Safari/537.36"
183.240.111.153 - - [20/May/2022:12:21:18 +0800] "GET / HTTP/1.1" 200 405 "-" "Mozilla/5.0"
5.188.210.227 - - [20/May/2022:12:44:50 +0800] "\x05\x01\x00" 400 150 "-" "-"
5.188.210.227 - - [20/May/2022:12:52:29 +0800] "GET http://5.188.210.227/echo.php HTTP/1.1" 400 650 "https://www.google.com/" "Mozilla/5.0 (Windows NT 6.1) AppleWebKit/537.36 (KHTML, like Gecko) Chrome/70.0.3538.77 Safari/537.36"
109.237.103.118 - - [20/May/2022:12:54:00 +0800] "GET /.aws/credentials HTTP/1.1" 400 650 "-" "Mozilla/5.0 (X11; Linux x86_64) AppleWebKit/537.36 (KHTML, like Gecko) Chrome/81.0.4044.129 Safari/537.36"
109.237.103.118 - - [20/May/2022:12:54:01 +0800] "GET /.aws/credentials HTTP/1.1" 404 178 "-" "Mozilla/5.0 (X11; Linux x86_64) AppleWebKit/537.36 (KHTML, like Gecko) Chrome/81.0.4044.129 Safari/537.36"
193.106.191.48 - - [20/May/2022:13:02:26 +0800] "POST /vendor/phpunit/phpunit/src/Util/PHP/eval-stdin.php HTTP/1.1" 404 178 "-" "Mozilla/5.0 (Windows NT 10.0; Win64; x64) AppleWebKit/537.36 (KHTML, like Gecko) Chrome/78.0.3904.108 Safari/537.36"
183.240.111.153 - - [20/May/2022:13:04:28 +0800] "GET / HTTP/1.1" 200 405 "-" "Mozilla/5.0"
192.241.213.153 - - [20/May/2022:13:19:14 +0800] "GET / HTTP/1.1" 400 248 "-" "Mozilla/5.0 zgrab/0.x"
182.61.145.68 - - [20/May/2022:13:20:08 +0800] "GET / HTTP/1.1" 400 650 "-" "Mozilla/5.0 (Windows NT 10.0; Win64; x64)                            Chrome/52.0.2743.116 Safari/537.36 Edge/15.15063"
185.190.24.80 - - [20/May/2022:13:22:57 +0800] "\x03\x00\x00/*\xE0\x00\x00\x00\x00\x00Cookie: mstshash=Administr" 400 150 "-" "-"
193.106.191.48 - - [20/May/2022:13:31:01 +0800] "GET /vendor/phpunit/phpunit/src/Util/PHP/eval-stdin.php HTTP/1.1" 404 178 "-" "Mozilla/5.0 (Windows NT 10.0; Win64; x64) AppleWebKit/537.36 (KHTML, like Gecko) Chrome/78.0.3904.108 Safari/537.36"
182.61.145.68 - - [20/May/2022:14:20:22 +0800] "GET / HTTP/1.1" 400 650 "-" "Mozilla/5.0 (Windows NT 10.0; Win64; x64)                            Chrome/52.0.2743.116 Safari/537.36 Edge/15.15063"
183.240.111.153 - - [20/May/2022:14:32:52 +0800] "GET / HTTP/1.1" 200 405 "-" "Mozilla/5.0"
193.106.191.48 - - [20/May/2022:15:07:34 +0800] "GET /index.php?s=/Index/\x5Cthink\x5Capp/invokefunction&function=call_user_func_array&vars[0]=md5&vars[1][]=HelloThinkPHP21 HTTP/1.1" 404 178 "-" "Mozilla/5.0 (Windows NT 10.0; Win64; x64) AppleWebKit/537.36 (KHTML, like Gecko) Chrome/78.0.3904.108 Safari/537.36"
183.240.111.153 - - [20/May/2022:15:17:41 +0800] "GET / HTTP/1.1" 200 405 "-" "Mozilla/5.0"
182.61.145.68 - - [20/May/2022:15:20:37 +0800] "GET / HTTP/1.1" 400 650 "-" "Mozilla/5.0 (Windows NT 10.0; Win64; x64)                            Chrome/52.0.2743.116 Safari/537.36 Edge/15.15063"
192.241.206.96 - - [20/May/2022:15:21:16 +0800] "MGLNDD_182.61.145.68_443" 400 150 "-" "-"
183.240.111.153 - - [20/May/2022:15:36:08 +0800] "GET / HTTP/1.1" 200 405 "-" "Mozilla/5.0"
193.106.191.48 - - [20/May/2022:15:43:28 +0800] "GET /?XDEBUG_SESSION_START=phpstorm HTTP/1.1" 200 405 "-" "Mozilla/5.0 (Windows NT 10.0; Win64; x64) AppleWebKit/537.36 (KHTML, like Gecko) Chrome/78.0.3904.108 Safari/537.36"
183.240.111.153 - - [20/May/2022:16:04:51 +0800] "GET / HTTP/1.1" 200 405 "-" "Mozilla/5.0"
182.61.145.68 - - [20/May/2022:16:20:52 +0800] "GET / HTTP/1.1" 400 650 "-" "Mozilla/5.0 (Windows NT 10.0; Win64; x64)                            Chrome/52.0.2743.116 Safari/537.36 Edge/15.15063"
198.20.69.98 - - [20/May/2022:16:40:43 +0800] "GET / HTTP/1.1" 200 625 "-" "Mozilla/5.0 (X11; Linux x86_64) AppleWebKit/537.36 (KHTML, like Gecko) Chrome/98.0.4758.102 Safari/537.36"
198.20.69.98 - - [20/May/2022:16:40:53 +0800] "" 400 0 "-" "-"
198.20.69.98 - - [20/May/2022:16:41:12 +0800] "" 400 0 "-" "-"
198.20.69.98 - - [20/May/2022:16:41:17 +0800] "" 400 0 "-" "-"
198.20.69.98 - - [20/May/2022:16:41:19 +0800] "" 400 0 "-" "-"
198.20.69.98 - - [20/May/2022:16:41:24 +0800] "GET /robots.txt HTTP/1.1" 404 146 "-" "-"
198.20.69.98 - - [20/May/2022:16:41:26 +0800] "GET /sitemap.xml HTTP/1.1" 404 146 "-" "-"
198.20.69.98 - - [20/May/2022:16:41:27 +0800] "GET /.well-known/security.txt HTTP/1.1" 404 146 "-" "-"
198.20.69.98 - - [20/May/2022:16:41:30 +0800] "GET /favicon.ico HTTP/1.1" 404 146 "-" "Mozilla/5.0 (Macintosh; Intel Mac OS X 10.15; rv:80.0) Gecko/20100101 Firefox/80.0"
198.20.69.98 - - [20/May/2022:16:41:31 +0800] "\x03:T\x87b\x00\x00\x00\x00\x00\x00\x00\x00\x00\x00\x00\x00\x00\x00\x00\x00\x00\x00\x00\x00\x00\x00\x00\x00\x00\x00\x00\x00\x00\x00\x00\x00\x00\x00\x00\x00\x00\x00\x00\x00\x00\x00\x00\x00\x00\x00\x00\x00\x00\x00\x00\x00\x00\x00\x00\x00\x00\x00\x00\x00\x00\x00\x00\x00\x00\x00\x00\x00\x00\x00\x00\x00\x00\x00\x00\x00\x00\x00\x00\x00\x00\x00\x00\x00\x00\x00\x00\x00\x00\x00\x00\x00\x00\x00\x00\x00\x00\x00\x00\x00\x00\x00\x00\x00\x00\x00\x00\x00\x00\x00\x00\x00\x00\x00\x00\x00\x00\x00\x00\x00\x00\x00\x00\x00\x00\x00\x00\x00\x00\x00\x00\x00\x00\x00\x00\x00\x00\x00\x00\x00\x00\x00\x00\x00\x00\x00\x00\x00\x00\x00\x00\x00\x00\x00\x00\x00\x00\x00\x00\x00\x00\x00\x00\x00\x00\x00\x00\x00\x00\x00\x00\x00\x00\x00\x00\x00\x00\x00\x00\x00\x00\x00\x00\x00\x00\x00\x00\x00\x00\x00\x00\x00\x00\x00\x00\x00\x00\x00\x00\x00\x00\x00\x00\x00\x00\x00\x00\x00\x00\x00\x00\x00\x00\x00\x00\x00\x00\x00\x00\x00\x00\x00\x00\x00\x00\x00\x00\x00\x00\x00\x00\x00\x00\x00\x00\x00\x00\x00\x00\x00\x00\x00\x00\x00\x00\x00\x00\x00\x00\x00\x00\x00\x00\x00\x00\x00\x00\x00\x00\x00\x00\x00\x00\x00\x00\x00\x00\x00\x00\x00\x00\x00\x00\x00\x00\x00\x00\x00\x00\x00\x00\x00\x00\x00\x00\x00\x00\x00\x00\x00\x00\x00\x00\x00\x00\x00\x00\x00\x00\x00\x00\x00\x00\x00\x00\x00\x00\x00\x00\x00\x00\x00\x00\x00\x00\x00\x00\x00\x00\x00\x00\x00\x00\x00\x00\x00\x00\x00\x00\x00\x00\x00\x00\x00\x00\x00\x00\x00\x00\x00\x00\x00\x00\x00\x00\x00\x00\x00\x00\x00\x00\x00\x00\x00\x00\x00\x00\x00\x00\x00\x00\x00\x00\x00\x00\x00\x00\x00\x00\x00\x00\x00\x00\x00\x00\x00\x00\x00\x00\x00\x00\x00\x00\x00\x00\x00\x00\x00\x00\x00\x00\x00\x00\x00\x00\x00\x00\x00\x00\x00\x00\x00\x00\x00\x00\x00\x00\x00\x00\x00\x00\x00\x00\x00\x00\x00\x00\x00\x00\x00\x00\x00\x00\x00\x00\x00\x00\x00\x00\x00\x00\x00\x00\x00\x00\x00\x00\x00\x00\x00\x00\x00\x00\x00\x00\x00\x00\x00\x00\x00\x00\x00\x00\x00\x00\x00\x00\x00\x00\x00\x00\x00\x00\x00\x00\x00\x00\x00\x00\x00\x00\x00\x00\x00\x00\x00\x00\x00\x00\x00\x00\x00\x00\x00\x00\x00\x00\x00\x00\x00\x00\x00\x00\x00\x00\x00\x00\x00\x00\x00\x00\x00\x00\x00\x00\x00\x00\x00\x00\x00\x00\x00\x00\x00\x00\x00\x00\x00\x00\x00\x00\x00\x00\x00\x00\x00\x00\x00\x00\x00\x00\x00\x00\x00\x00\x00\x00\x00\x00\x00\x00\x00\x00\x00\x00\x00\x00\x00\x00\x00\x00\x00\x00\x00\x00\x00\x00\x00\x00\x00\x00\x00\x00\x00\x00\x00\x00\x00\x00\x00\x00\x00\x00\x00\x00\x00\x00\x00\x00\x00\x00\x00\x00\x00\x00\x00\x00\x00\x00\x00\x00\x00\x00\x00\x00\x00\x00\x00\x00\x00\x00\x00\x00\x00\x00\x00\x00\x00\x00\x00\x00\x00\x00\x00\x00\x00\x00\x00\x00\x00\x00\x00\x00\x00\x00\x00\x00\x00\x00\x00\x00\x00\x00\x00\x00\x00\x00\x00\x00\x00\x00\x00\x00\x00\x00\x00\x00\x00\x00\x00\x00\x00\x00\x00\x00\x00\x00\x00\x00\x00\x00\x00\x00\x00\x00\x00\x00\x00\x00\x00\x00\x00\x00\x00\x00\x00\x00\x00\x00\x00\x00\x00\x00\x00\x00\x00\x00\x00\x00\x00\x00\x00\x00\x00\x00\x00\x00\x00\x00\x00\x00\x00\x00\x00\x00\x00\x00\x00\x00\x00\x00\x00\x00\x00\x00\x00\x00\x00\x00\x00\x00\x00\x00\x00\x00\x00\x00\x00\x00\x00\x00\x00\x00\x00\x00\x00\x00\x00\x00\x00\x00\x00\x00\x00\x00\x00\x00\x00\x00\x00\x00\x00\x00\x00\x00\x00\x00\x00\x00\x00\x00\x00\x00\x00\x00\x00\x00\x00\x00\x00\x00\x00\x00\x00\x00\x00\x00\x00\x00\x00\x00\x00\x00\x00\x00\x00\x00\x00\x00\x00\x00\x00\x00\x00\x00\x00\x00\x00\x00\x00\x00\x00\x00\x00\x00\x00\x00\x00\x00\x00\x00\x00\x00\x00\x00\x00\x00\x00\x00\x00\x00\x00\x00\x00\x00\x00\x00\x00\x00\x00\x00\x00\x00\x00\x00\x00\x00\x00\x00\x00\x00\x00\x00\x00\x00\x00\x00\x00\x00\x00\x00\x00\x00\x00\x00\x00\x00\x00\x00\x00\x00\x00\x00\x00\x00\x00\x00\x00\x00\x00\x00\x00\x00\x00\x00\x00\x00\x00\x00\x00\x00\x00\x00\x00\x00\x00\x00\x00\x00\x00\x00\x00\x00\x00\x00\x00\x00\x00\x00\x00\x00\x00\x00\x00\x00\x00\x00\x00\x00\x00\x00\x00\x00\x00\x00\x00\x00\x00\x00\x00\x00\x00\x00\x00\x00\x00\x00\x00\x00\x00\x00\x00\x00\x00\x00\x00\x00\x00\x00\x00\x00\x00\x00\x00\x00\x00\x00\x00\x00\x00\x00\x00\x00\x00\x00\x00\x00\x00\x00\x00\x00\x00\x00\x00\x00\x00\x00\x00\x00\x00\x00\x00\x00\x00\x00\x00\x00\x00\x00\x00\x00\x00\x00\x00\x00\x00\x00\x00\x00\x00\x00\x00\x00\x00\x00\x00\x00\x00\x00\x00\x00\x00\x00\x00\x00\x00\x00\x00\x00\x00\x00\x00\x00\x00\x00\x00\x00\x00\x00\x00\x00\x00\x00\x00\x00\x00\x00\x00\x00\x00\x00\x00\x00\x00\x00\x00\x00\x00\x00\x00\x00\x00\x00\x00\x00\x00\x00\x00\x00\x00\x00\x00\x00\x00\x00\x00\x00\x00\x00\x00\x00\x00\x00\x00\x00\x00\x00\x00\x00\x00\x00\x00\x00\x00\x00\x00\x00\x00\x00\x00\x00\x00\x00\x00\x00\x00\x00\x00\x00\x00\x00\x00\x00\x00\x00\x00\x00\x00\x00\x00\x00\x00\x00\x00\x00\x00\x00\x00\x00\x00\x00\x00\x00\x00\x00\x00\x00\x00\x00\x00\x00\x00\x00\x00\x00\x00\x00\x00\x00\x00\x00\x00\x00\x00\x00\x00\x00\x00\x00\x00\x00\x00\x00\x00\x00\x00\x00\x00\x00\x00\x00\x00\x00\x00\x00\x00\x00\x00\x00\x00\x00\x00\x00\x00\x00\x00\x00\x00\x00\x00\x00\x00\x00\x00\x00\x00\x00\x00\x00\x00\x00\x00\x00\x00\x00\x00\x00\x00\x00\x00\x00\x00\x00\x00\x00\x00\x00\x00\x00\x00\x00\x00\x00\x00\x00\x00\x00\x00\x00\x00\x00\x00\x00\x00\x00\x00\x00\x00\x00\x00\x00\x00\x00\x00\x00\x00\x00\x00\x00\x00\x00\x00\x00\x00\x00\x00\x00\x00\x00\x00\x00\x00\x00\x00\x00\x00\x00\x00\x00\x00\x00\x00\x00\x00\x00\x00\x00\x00\x00\x00\x00\x00\x00\x00\x00\x00\x00\x00\x00\x00\x00\x00\x00\x00\x00\x00\x00\x00\x00\x00\x00\x00\x00\x00\x00\x00\x00\x00\x00\x00\x00\x00\x00\x00\x00\x00\x00\x00\x00\x00\x00\x00\x00\x00\x00\x00\x00\x00\x00\x00\x00\x00\x00\x00\x00\x00\x00\x00\x00\x00\x00\x00\x00\x00\x00\x00\x00\x00\x00\x00\x00\x00\x00\x00\x00\x00\x00\x00\x00\x00\x00\x00\x00\x00\x00\x00\x00\x00\x00\x00\x00\x00\x00\x00\x00\x00\x00\x00\x00\x00\x00\x00\x00\x00\x00\x00\x00\x00\x00\x00\x00\x00\x00\x00\x00\x00\x00\x00\x00\x00\x00\x00\x00\x00\x00\x00\x00\x00\x00\x00\x00\x00\x00\x00\x00\x00\x00\x00\x00\x00\x00\x00\x00\x00\x00\x00\x00\x00\x00\x00\x00\x00\x00\x00\x00\x00\x00\x00\x00\x00\x00\x00\x00\x00\x00\x00\x00\x00\x00\x00\x00\x00\x00\x00\x00\x00\x00\x00\x00\x00\x00\x00\x00\x00\x00\x00\x00\x00\x00\x00\x00\x00\x00\x00\x00\x00\x00\x00\x00\x00\x00\x00\x00\x00\x00\x00\x00\x00\x00\x00\x00\x00\x00\x00\x00\x00\x00\x00\x00\x00\x00\x00\x00\x00\x00\x00\x00\x00\x00\x00\x00\x00\x00\x00\x00\x00\x00\x00\x00\x00\x00\x00\x00\x00\x00\x00\x00\x00\x00\x00\x00\x00\x00\x00\x00\x00\x00\x00\x00\x00\x00\x00\x00\x00\x00\x00\x00\x00\x00\x00\x00\x00" 400 150 "-" "-"
35.195.93.98 - - [20/May/2022:16:41:36 +0800] "GET / HTTP/1.1" 400 248 "-" "python-requests/2.27.1"
193.106.191.48 - - [20/May/2022:16:46:41 +0800] "POST /mifs/.;/services/LogService HTTP/1.1" 404 178 "https://182.61.145.68:443" "Mozilla/5.0 (Windows NT 10.0; Win64; x64) AppleWebKit/537.36 (KHTML, like Gecko) Chrome/78.0.3904.108 Safari/537.36"
183.240.111.153 - - [20/May/2022:16:53:39 +0800] "GET / HTTP/1.1" 200 405 "-" "Mozilla/5.0"
222.175.201.150 - - [20/May/2022:16:55:28 +0800] "GET / HTTP/1.1" 200 405 "-" "Mozilla/5.0"
193.106.191.48 - - [20/May/2022:17:19:02 +0800] "GET /console/ HTTP/1.1" 404 178 "-" "Mozilla/5.0 (Windows NT 10.0; Win64; x64) AppleWebKit/537.36 (KHTML, like Gecko) Chrome/78.0.3904.108 Safari/537.36"
182.61.145.68 - - [20/May/2022:17:21:07 +0800] "GET / HTTP/1.1" 400 650 "-" "Mozilla/5.0 (Windows NT 10.0; Win64; x64)                            Chrome/52.0.2743.116 Safari/537.36 Edge/15.15063"
183.240.111.153 - - [20/May/2022:17:37:56 +0800] "GET / HTTP/1.1" 200 405 "-" "Mozilla/5.0"
193.118.53.202 - - [20/May/2022:18:17:03 +0800] "GET / HTTP/1.1" 200 405 "-" "Mozilla/5.0 (Windows NT 10.0; Win64; x64) AppleWebKit/537.36 (KHTML, like Gecko) Chrome/60.0.3112.113 Safari/537.36"
182.61.145.68 - - [20/May/2022:18:21:22 +0800] "GET / HTTP/1.1" 400 650 "-" "Mozilla/5.0 (Windows NT 10.0; Win64; x64)                            Chrome/52.0.2743.116 Safari/537.36 Edge/15.15063"
183.240.111.153 - - [20/May/2022:18:29:31 +0800] "GET / HTTP/1.1" 200 405 "-" "Mozilla/5.0"
222.175.199.226 - - [20/May/2022:18:31:42 +0800] "GET / HTTP/1.1" 400 150 "-" "-"
193.106.191.48 - - [20/May/2022:18:34:11 +0800] "POST /Autodiscover/Autodiscover.xml HTTP/1.1" 404 178 "-" "Mozilla/5.0 (Windows NT 10.0; Win64; x64) AppleWebKit/537.36 (KHTML, like Gecko) Chrome/78.0.3904.108 Safari/537.36"
193.106.191.48 - - [20/May/2022:19:08:36 +0800] "GET /_ignition/execute-solution HTTP/1.1" 404 178 "-" "Mozilla/5.0 (Windows NT 10.0; Win64; x64) AppleWebKit/537.36 (KHTML, like Gecko) Chrome/78.0.3904.108 Safari/537.36"
183.240.111.153 - - [20/May/2022:19:14:43 +0800] "GET / HTTP/1.1" 200 405 "-" "Mozilla/5.0"
182.61.145.68 - - [20/May/2022:19:21:37 +0800] "GET / HTTP/1.1" 400 650 "-" "Mozilla/5.0 (Windows NT 10.0; Win64; x64)                            Chrome/52.0.2743.116 Safari/537.36 Edge/15.15063"
161.189.192.94 - - [20/May/2022:19:21:54 +0800] "333766643833656338616434363333643963363962386536653538383937393235613033653338636434" 400 150 "-" "-"
183.240.111.153 - - [20/May/2022:19:52:21 +0800] "GET / HTTP/1.1" 200 405 "-" "Mozilla/5.0"
182.61.145.68 - - [20/May/2022:20:21:52 +0800] "GET / HTTP/1.1" 400 650 "-" "Mozilla/5.0 (Windows NT 10.0; Win64; x64)                            Chrome/52.0.2743.116 Safari/537.36 Edge/15.15063"
193.106.191.48 - - [20/May/2022:20:29:45 +0800] "GET / HTTP/1.1" 200 405 "-" "Mozilla/5.0 (Windows NT 10.0; Win64; x64) AppleWebKit/537.36 (KHTML, like Gecko) Chrome/78.0.3904.108 Safari/537.36"
183.240.111.153 - - [20/May/2022:20:38:48 +0800] "GET / HTTP/1.1" 200 405 "-" "Mozilla/5.0"
182.61.145.68 - - [20/May/2022:21:22:07 +0800] "GET / HTTP/1.1" 400 650 "-" "Mozilla/5.0 (Windows NT 10.0; Win64; x64)                            Chrome/52.0.2743.116 Safari/537.36 Edge/15.15063"
183.240.111.153 - - [20/May/2022:21:32:19 +0800] "GET / HTTP/1.1" 200 405 "-" "Mozilla/5.0"
8.219.71.118 - - [20/May/2022:21:47:00 +0800] "\x04\x01\x00Pg)\xA7\xEA\x00" 400 150 "-" "-"
8.219.71.118 - - [20/May/2022:21:47:08 +0800] "GET http://passport.baidu.com/ HTTP/1.1" 400 248 "-" "-"
8.219.71.118 - - [20/May/2022:21:47:16 +0800] "\x05\x01\x00" 400 150 "-" "-"
14.204.44.19 - - [20/May/2022:21:51:16 +0800] "\x05\x03\x00\x01\x02" 400 150 "-" "-"
193.106.191.48 - - [20/May/2022:21:51:28 +0800] "GET / HTTP/1.1" 200 405 "-" "Mozilla/5.0 (Windows NT 10.0; Win64; x64) AppleWebKit/537.36 (KHTML, like Gecko) Chrome/78.0.3904.108 Safari/537.36"
193.106.29.74 - - [20/May/2022:22:04:00 +0800] "\x03\x00\x00/*\xE0\x00\x00\x00\x00\x00Cookie: mstshash=Administr" 400 150 "-" "-"
183.240.111.153 - - [20/May/2022:22:17:26 +0800] "GET / HTTP/1.1" 200 405 "-" "Mozilla/5.0"
193.106.191.48 - - [20/May/2022:22:21:38 +0800] "POST /cgi-bin/.%2e/.%2e/.%2e/.%2e/bin/sh HTTP/1.1" 400 150 "-" "-"
182.61.145.68 - - [20/May/2022:22:22:22 +0800] "GET / HTTP/1.1" 400 650 "-" "Mozilla/5.0 (Windows NT 10.0; Win64; x64)                            Chrome/52.0.2743.116 Safari/537.36 Edge/15.15063"
193.106.191.48 - - [20/May/2022:22:59:08 +0800] "GET / HTTP/1.1" 200 405 "-" "Mozilla/5.0 (Windows NT 10.0; Win64; x64) AppleWebKit/537.36 (KHTML, like Gecko) Chrome/78.0.3904.108 Safari/537.36"
183.240.111.153 - - [20/May/2022:23:09:57 +0800] "GET / HTTP/1.1" 200 405 "-" "Mozilla/5.0"
182.61.145.68 - - [20/May/2022:23:22:37 +0800] "GET / HTTP/1.1" 400 650 "-" "Mozilla/5.0 (Windows NT 10.0; Win64; x64)                            Chrome/52.0.2743.116 Safari/537.36 Edge/15.15063"
183.240.111.153 - - [20/May/2022:23:45:13 +0800] "GET / HTTP/1.1" 200 405 "-" "Mozilla/5.0"
182.61.145.68 - - [20/May/2022:23:53:20 +0800] "GET / HTTP/1.1" 200 405 "https://182.61.145.68/" "WordPress/5.9.3; http://182.61.145.68"
182.61.145.68 - - [20/May/2022:23:53:20 +0800] "GET / HTTP/1.1" 200 405 "https://182.61.145.68/" "WordPress/5.9.3; http://182.61.145.68"
106.75.246.50 - - [20/May/2022:23:56:31 +0800] "GET / HTTP/1.0" 200 625 "-" "-"
113.31.102.176 - - [20/May/2022:23:56:58 +0800] "GET / HTTP/1.1" 200 625 "-" "Mozilla/5.0 (Windows NT 6.1) AppleWebKit/537.36 (KHTML, like Gecko) Chrome/49.0.2623.112 Safari/537.36"
113.31.102.176 - - [20/May/2022:23:56:58 +0800] "GET /favicon.ico HTTP/1.1" 404 548 "-" "Mozilla/5.0 (Windows NT 6.1) AppleWebKit/537.36 (KHTML, like Gecko) Chrome/49.0.2623.112 Safari/537.36"
178.32.197.93 - - [21/May/2022:00:09:43 +0800] "GET / HTTP/1.1" 200 625 "-" "Mozilla/5.0 (X11; Ubuntu; Linux x86_64; rv:58.0) Gecko/20100101 Firefox/58.0"
34.140.248.32 - - [21/May/2022:00:20:09 +0800] "GET / HTTP/1.1" 200 405 "-" "python-requests/2.27.1"
182.61.145.68 - - [21/May/2022:00:22:52 +0800] "GET / HTTP/1.1" 400 650 "-" "Mozilla/5.0 (Windows NT 10.0; Win64; x64)                            Chrome/52.0.2743.116 Safari/537.36 Edge/15.15063"
183.240.111.153 - - [21/May/2022:00:29:49 +0800] "GET / HTTP/1.1" 200 405 "-" "Mozilla/5.0"
193.106.191.48 - - [21/May/2022:00:30:34 +0800] "GET /actuator/gateway/routes HTTP/1.1" 404 178 "-" "Mozilla/5.0 (Windows NT 10.0; Win64; x64) AppleWebKit/537.36 (KHTML, like Gecko) Chrome/78.0.3904.108 Safari/537.36"
103.213.96.234 - - [21/May/2022:00:32:43 +0800] "GET / HTTP/1.1" 200 625 "-" "Mozilla/5.0 (Windows NT 10.0; Win64; x64; rv:79.0) Gecko/20100101 Firefox/79.0"
103.213.96.234 - - [21/May/2022:00:32:46 +0800] "GET /favicon.ico HTTP/1.1" 404 146 "-" "Mozilla/5.0 (Windows NT 10.0; Win64; x64; rv:79.0) Gecko/20100101 Firefox/79.0"
192.241.216.55 - - [21/May/2022:00:42:49 +0800] "SSH-2.0-Go" 400 150 "-" "-"
8.219.71.118 - - [21/May/2022:01:07:19 +0800] "\x04\x01\x00Pg)\xA7\xEA\x00" 400 150 "-" "-"
8.219.71.118 - - [21/May/2022:01:07:45 +0800] "GET http://passport.baidu.com/ HTTP/1.1" 400 248 "-" "-"
8.219.71.118 - - [21/May/2022:01:08:02 +0800] "\x05\x01\x00" 400 150 "-" "-"
182.61.145.68 - - [21/May/2022:01:23:07 +0800] "GET / HTTP/1.1" 400 650 "-" "Mozilla/5.0 (Windows NT 10.0; Win64; x64)                            Chrome/52.0.2743.116 Safari/537.36 Edge/15.15063"
183.240.111.153 - - [21/May/2022:01:27:30 +0800] "GET / HTTP/1.1" 200 405 "-" "Mozilla/5.0"
167.94.146.59 - - [21/May/2022:01:36:17 +0800] "GET / HTTP/1.1" 200 625 "-" "-"
167.94.146.59 - - [21/May/2022:01:36:18 +0800] "GET / HTTP/1.1" 200 405 "-" "Mozilla/5.0 (compatible; CensysInspect/1.1; +https://about.censys.io/)"
167.94.146.59 - - [21/May/2022:01:36:21 +0800] "PRI * HTTP/2.0" 400 150 "-" "-"
220.181.108.105 - - [21/May/2022:01:43:19 +0800] "GET / HTTP/1.1" 200 405 "-" "Mozilla/5.0 (Windows NT 10.0; Win64; x64) AppleWebKit/537.36 (KHTML, like Gecko) Chrome/89.0.4389.90 Safari/537.36"
116.179.37.61 - - [21/May/2022:01:43:20 +0800] "GET / HTTP/1.1" 200 405 "-" "Mozilla/5.0 (compatible; Baiduspider-render/2.0; +http://www.baidu.com/search/spider.html)"
188.165.87.110 - - [21/May/2022:01:43:38 +0800] "GET /favicon.ico HTTP/1.1" 404 146 "-" "Mozilla/5.0 (X11; Ubuntu; Linux x86_64; rv:58.0) Gecko/20100101 Firefox/58.0"
167.94.138.44 - - [21/May/2022:02:02:28 +0800] "GET / HTTP/1.1" 400 248 "-" "-"
167.94.138.44 - - [21/May/2022:02:02:29 +0800] "GET / HTTP/1.1" 400 0 "-" "Mozilla/5.0 (compatible; CensysInspect/1.1; +https://about.censys.io/)"
167.94.138.44 - - [21/May/2022:02:02:30 +0800] "PRI * HTTP/2.0" 400 150 "-" "-"
183.240.111.153 - - [21/May/2022:02:13:11 +0800] "GET / HTTP/1.1" 200 405 "-" "Mozilla/5.0"
89.248.165.29 - - [21/May/2022:02:17:14 +0800] "\x03\x00\x00/*\xE0\x00\x00\x00\x00\x00Cookie: mstshash=Administr" 400 150 "-" "-"
182.61.145.68 - - [21/May/2022:02:23:22 +0800] "GET / HTTP/1.1" 400 650 "-" "Mozilla/5.0 (Windows NT 10.0; Win64; x64)                            Chrome/52.0.2743.116 Safari/537.36 Edge/15.15063"
